// Vitest Snapshot v1, https://vitest.dev/guide/snapshot.html

exports[`api surface > exports no more than it did — a widened surface is a change too 1`] = `
[
  "PLAN_DURATION_MONTHS",
  "PORTFOLIO_LIMITS",
  "ROLES",
  "api",
  "hasRole",
  "http",
  "isAdminOrManager",
  "normaliseRole",
]
`;

exports[`api surface > exposes every namespace it did before the split 1`] = `
[
  "accounts",
  "activity",
  "ai",
  "attendance",
  "auth",
  "automation",
  "bookings",
  "branches",
  "calendar",
  "campaigns",
  "classes",
  "clientActivation",
  "clientLogin",
  "clients",
  "communication",
  "diet",
  "exercises",
  "expenses",
  "features",
  "feedback",
  "gymSettings",
  "integrations",
  "invitations",
  "invoices",
  "leave",
  "me",
  "membershipPlans",
  "notifications",
  "offers",
  "payments",
  "profile",
  "progress",
  "pt",
  "qr",
  "reports",
  "search",
  "settings",
  "subscription",
  "superAdmin",
  "support",
  "trainers",
  "upiPayments",
  "webauthn",
  "workouts",
]
`;

exports[`api surface > has not lost or renamed a single endpoint method 1`] = `
[
  "accounts.create → /api/auth/create-user",
  "accounts.delete → /api/auth/users/",
  "accounts.list → /api/auth/users",
  "accounts.toggleStatus → /api/auth/users/",
  "accounts.update → /api/auth/users/",
  "activity.devices → /api/profile/devices",
  "activity.list → /api/profile/activity",
  "activity.sessions → /api/profile/sessions",
  "ai.actionExecute → /api/ai/actions/",
  "ai.actionPlan → /api/ai/actions/",
  "ai.actions → /api/ai/actions",
  "ai.analyzeFitnessTest → /api/ai/fitness-testing/analyze",
  "ai.analyzeProgress → /api/ai/progress/analyze",
  "ai.businessInsights → /api/ai/business/insights",
  "ai.chatUrl → /api/ai/chat",
  "ai.conversation → /api/ai/conversations/",
  "ai.conversations → /api/ai/conversations",
  "ai.deleteConversation → /api/ai/conversations/",
  "ai.generateDiet → /api/ai/diet/generate",
  "ai.generateWorkout → /api/ai/workout/generate",
  "ai.health → /api/ai/health",
  "ai.knowledge.delete → /api/ai/knowledge/",
  "ai.knowledge.list → /api/ai/knowledge",
  "ai.knowledge.reindex → /api/ai/knowledge/",
  "ai.knowledge.upload → /api/ai/knowledge",
  "ai.modelStats → /api/ai/model-stats",
  "ai.providerSettings → /api/ai/provider-settings",
  "ai.test → /api/ai/test",
  "ai.updateConversation → /api/ai/conversations/",
  "ai.usage → /api/ai/usage",
  "attendance.create → /api/attendance",
  "attendance.list → /api/attendance",
  "attendance.mark → /api/attendance",
  "attendance.update → /api/attendance/",
  "auth.changePassword → /api/auth/change-password",
  "auth.createUser → /api/auth/create-user",
  "auth.deleteUser → /api/auth/users/",
  "auth.forgotPassword → /api/auth/forgot-password",
  "auth.googleLogin → /api/auth/google-login",
  "auth.listUsers → /api/auth/users",
  "auth.login → /api/auth/login",
  "auth.logout → /api/auth/logout",
  "auth.me → /api/auth/me",
  "auth.registerStudio → /api/registrations",
  "auth.resetPassword → /api/auth/reset-password",
  "auth.toggleUser → /api/auth/users/",
  "automation.communicationLogs.list → /api/automation/communication-logs",
  "automation.communicationLogs.stats → /api/automation/communication-logs/stats",
  "automation.ptPackages.create → /api/automation/pt-packages",
  "automation.ptPackages.delete → /api/automation/pt-packages/",
  "automation.ptPackages.list → /api/automation/pt-packages",
  "automation.ptPackages.update → /api/automation/pt-packages/",
  "automation.rules.create → /api/automation/rules",
  "automation.rules.delete → /api/automation/rules/",
  "automation.rules.list → /api/automation/rules",
  "automation.rules.update → /api/automation/rules/",
  "automation.sessionBalance.create → /api/automation/session-balance",
  "automation.sessionBalance.list → /api/automation/session-balance",
  "automation.sessionBalance.useSession → /api/automation/session-balance/",
  "bookings.create → /api/bookings",
  "bookings.list → /api/bookings",
  "branches.create → /api/settings/branches",
  "branches.delete → /api/settings/branches/",
  "branches.list → /api/settings/branches",
  "branches.update → /api/settings/branches/",
  "calendar.authUrl → /api/calendar/auth-url",
  "calendar.disconnect → /api/calendar/disconnect",
  "calendar.status → /api/calendar/status",
  "campaigns.create → /api/campaigns",
  "campaigns.delete → /api/campaigns/",
  "campaigns.list → /api/campaigns",
  "campaigns.stats → /api/campaigns/stats",
  "campaigns.update → /api/campaigns/",
  "classes.sessions → /api/classes/sessions",
  "clientActivation.accept → /api/client-activation/",
  "clientActivation.preview → /api/client-activation/",
  "clientLogin.activate → /api/client-login/",
  "clientLogin.deactivate → /api/client-login/",
  "clientLogin.resend → /api/client-login/",
  "clientLogin.status → /api/client-login/",
  "clients.delete → /api/clients/",
  "clients.get → /api/clients/",
  "clients.list → /api/clients",
  "clients.renewPt → /api/pt-os/clients/",
  "clients.renewalHistory → /api/pt-os/clients/",
  "clients.search → /api/clients/search?q=",
  "clients.update → /api/clients/",
  "communication.delete → /api/communication/history/",
  "communication.history → /api/communication/history",
  "communication.send → /api/communication/send",
  "diet.assign → /api/diet/assign",
  "diet.assignments.list → /api/diet/assignments",
  "diet.fitnessProfile.get → /api/diet/fitness-profile/",
  "diet.fitnessProfile.update → /api/diet/fitness-profile/",
  "diet.meals.create → /api/diet/meals",
  "diet.meals.list → /api/diet/meals",
  "diet.supplements.list → /api/diet/supplements",
  "diet.templates.create → /api/diet/templates",
  "diet.templates.list → /api/diet/templates",
  "diet.tracker.get → /api/diet/tracker",
  "diet.tracker.update → /api/diet/tracker",
  "exercises.archive → /api/exercises/",
  "exercises.checkName → /api/exercises/check-name",
  "exercises.create → /api/exercises",
  "exercises.delete → /api/exercises/",
  "exercises.duplicate → /api/exercises/",
  "exercises.favorite → /api/exercises/",
  "exercises.favorites → /api/exercises/favorites",
  "exercises.get → /api/exercises/",
  "exercises.list → /api/exercises",
  "exercises.markUsed → /api/exercises/",
  "exercises.meta → /api/exercises/meta",
  "exercises.recent → /api/exercises/recent?limit=",
  "exercises.update → /api/exercises/",
  "exercises.versions → /api/exercises/",
  "expenses.create → /api/expenses",
  "expenses.delete → /api/expenses/",
  "expenses.get → /api/expenses/",
  "expenses.list → /api/expenses",
  "expenses.stats → /api/expenses/stats",
  "expenses.update → /api/expenses/",
  "features.map → /api/features",
  "feedback.get → /api/feedback/",
  "feedback.list → /api/feedback",
  "feedback.reply → /api/feedback/",
  "feedback.resolve → /api/feedback/",
  "feedback.stats → /api/feedback/stats",
  "gymSettings.get → /api/settings/gym",
  "gymSettings.update → /api/settings/gym",
  "integrations.connect → /api/integrations/",
  "integrations.disconnect → /api/integrations/",
  "integrations.list → /api/integrations",
  "integrations.test → /api/integrations/",
  "invitations.accept → /api/invitations/",
  "invitations.preview → /api/invitations/",
  "invoices.cancel → /api/invoices/",
  "invoices.create → /api/invoices",
  "invoices.get → /api/invoices/",
  "invoices.list → /api/invoices",
  "invoices.markPaid → /api/invoices/",
  "invoices.remind → /api/invoices/",
  "invoices.send → /api/invoices/",
  "invoices.update → /api/invoices/",
  "leave.approve → /api/leave/",
  "leave.create → /api/leave",
  "leave.get → /api/leave/",
  "leave.list → /api/leave",
  "leave.reject → /api/leave/",
  "me.attendance → /api/me/attendance",
  "me.measurements → /api/me/measurements",
  "me.membership → /api/me/membership",
  "me.payments → /api/me/payments",
  "me.profile → /api/me/profile",
  "membershipPlans.list → /api/plans?kind=Membership&active=true",
  "notifications.list → /api/v1/notifications",
  "notifications.markAllRead → /api/v1/notifications/read-all",
  "notifications.markRead → /api/v1/notifications/",
  "offers.create → /api/offers",
  "offers.delete → /api/offers/",
  "offers.list → /api/offers",
  "offers.stats → /api/offers/stats",
  "offers.update → /api/offers/",
  "payments.create → /api/payments",
  "payments.delete → /api/payments/",
  "payments.list → /api/payments",
  "payments.stats → /api/payments/stats",
  "profile.me → /api/profile/me",
  "profile.mfa.disable → /api/profile/mfa",
  "profile.mfa.setup → /api/profile/mfa/setup",
  "profile.mfa.verify → /api/profile/mfa/verify",
  "profile.notifications.get → /api/profile/notifications",
  "profile.notifications.update → /api/profile/notifications",
  "profile.portfolio.create → /api/profile/portfolio",
  "profile.portfolio.list → /api/profile/portfolio",
  "profile.portfolio.remove → /api/profile/portfolio/",
  "profile.portfolio.reorder → /api/profile/portfolio/order",
  "profile.portfolio.update → /api/profile/portfolio/",
  "profile.preferences.get → /api/profile/preferences",
  "profile.preferences.update → /api/profile/preferences",
  "profile.removeCover → /api/profile/cover",
  "profile.revokeAllSessions → /api/profile/sessions/revoke-all",
  "profile.updateMe → /api/profile/me",
  "profile.uploadAvatar → /api/profile/avatar",
  "profile.uploadCover → /api/profile/cover",
  "progress.assessments.create → /api/progress/assessments",
  "progress.assessments.list → /api/progress/assessments",
  "progress.goals.create → /api/progress/goals",
  "progress.goals.list → /api/progress/goals",
  "progress.goals.update → /api/progress/goals/",
  "progress.informedConsent.activity → /api/pt-os/informed-consent/",
  "progress.informedConsent.create → /api/pt-os/informed-consent",
  "progress.informedConsent.get → /api/pt-os/informed-consent/",
  "progress.informedConsent.list → /api/pt-os/informed-consent",
  "progress.informedConsent.revoke → /api/pt-os/informed-consent/",
  "progress.informedConsent.sign → /api/pt-os/informed-consent/",
  "progress.informedConsent.update → /api/pt-os/informed-consent/",
  "progress.informedConsent.uploadClearance → /api/pt-os/informed-consent/",
  "progress.lifestyleAssessments.create → /api/progress/lifestyle-assessments",
  "progress.lifestyleAssessments.list → /api/progress/lifestyle-assessments",
  "progress.lifestyleAssessments.update → /api/progress/lifestyle-assessments/",
  "progress.mobilityPerformanceAssessments.create → /api/progress/mobility-performance-assessments",
  "progress.mobilityPerformanceAssessments.list → /api/progress/mobility-performance-assessments",
  "progress.mobilityPerformanceAssessments.update → /api/progress/mobility-performance-assessments/",
  "progress.nutritionAssessments.create → /api/progress/nutrition-assessments",
  "progress.nutritionAssessments.list → /api/progress/nutrition-assessments",
  "progress.nutritionAssessments.update → /api/progress/nutrition-assessments/",
  "progress.parqClearance.create → /api/pt-os/parq/forms/",
  "progress.parqClearance.update → /api/pt-os/parq/clearance/",
  "progress.parqConsent.create → /api/pt-os/parq/forms/",
  "progress.parqDocuments.upload → /api/pt-os/parq/forms/",
  "progress.parqForms.create → /api/pt-os/parq/forms",
  "progress.parqForms.gateStatus → /api/pt-os/parq/forms/",
  "progress.parqForms.get → /api/pt-os/parq/forms/",
  "progress.parqForms.list → /api/pt-os/parq/forms",
  "progress.parqForms.update → /api/pt-os/parq/forms/",
  "progress.postureAssessments.create → /api/progress/posture-assessments",
  "progress.postureAssessments.list → /api/progress/posture-assessments",
  "progress.postureAssessments.update → /api/progress/posture-assessments/",
  "progress.progressPhotos.create → /api/progress/progress-photos",
  "progress.progressPhotos.delete → /api/progress/progress-photos/",
  "progress.progressPhotos.list → /api/progress/progress-photos",
  "progress.strengthLogs.create → /api/progress/strength-logs",
  "progress.strengthLogs.list → /api/progress/strength-logs",
  "progress.weeklyCheckins.create → /api/progress/weekly-checkins",
  "progress.weeklyCheckins.list → /api/progress/weekly-checkins",
  "progress.workoutLog.analytics → /api/pt-os/workout-log/analytics",
  "progress.workoutLog.exercises.add → /api/pt-os/workout-log/sessions/",
  "progress.workoutLog.exercises.remove → /api/pt-os/workout-log/exercises/",
  "progress.workoutLog.landmarks.list → /api/pt-os/workout-log/landmarks",
  "progress.workoutLog.landmarks.reset → /api/pt-os/workout-log/landmarks/",
  "progress.workoutLog.landmarks.save → /api/pt-os/workout-log/landmarks/",
  "progress.workoutLog.previous → /api/pt-os/workout-log/previous",
  "progress.workoutLog.progress → /api/pt-os/workout-log/progress",
  "progress.workoutLog.sessions.create → /api/pt-os/workout-log/sessions",
  "progress.workoutLog.sessions.delete → /api/pt-os/workout-log/sessions/",
  "progress.workoutLog.sessions.get → /api/pt-os/workout-log/sessions/",
  "progress.workoutLog.sessions.list → /api/pt-os/workout-log/sessions",
  "progress.workoutLog.sessions.plannedDayOptions → /api/pt-os/workout-log/sessions/",
  "progress.workoutLog.sessions.update → /api/pt-os/workout-log/sessions/",
  "progress.workoutLog.sets.add → /api/pt-os/workout-log/exercises/",
  "progress.workoutLog.sets.delete → /api/pt-os/workout-log/sets/",
  "progress.workoutLog.sets.update → /api/pt-os/workout-log/sets/",
  "progress.workoutLog.today → /api/pt-os/workout-log/today",
  "progress.workoutLog.volumeSummary → /api/pt-os/workout-log/volume-summary",
  "progress.workoutLog.weeklyReport → /api/pt-os/workout-log/weekly-report",
  "pt.activityLog → /api/pt-os/activity-log",
  "pt.balanceSheet → /api/pt-os/balance-sheet",
  "pt.calculateCommissions → /api/pt-os/commissions/calculate",
  "pt.client → /api/pt-os/clients/",
  "pt.clientBirthdays → /api/pt-os/clients/birthdays",
  "pt.clients → /api/pt-os/clients",
  "pt.coach → /api/pt-os/clients/",
  "pt.commissions → /api/pt-os/commissions",
  "pt.create → /api/pt-os/clients",
  "pt.createPayment → /api/pt-os/payments",
  "pt.createSession → /api/pt-os/sessions",
  "pt.dashboard → /api/pt-os/dashboard",
  "pt.deleteClient → /api/pt-os/clients/",
  "pt.duplicates → /api/pt-os/clients/duplicates",
  "pt.leads.convert → /api/pt-os/leads/",
  "pt.leads.create → /api/pt-os/leads",
  "pt.leads.delete → /api/pt-os/leads/",
  "pt.leads.list → /api/pt-os/leads",
  "pt.leads.update → /api/pt-os/leads/",
  "pt.markAllPayoutsPaid → /api/pt-os/payouts/mark-all-paid",
  "pt.mergeDuplicates → /api/pt-os/clients/merge-duplicates",
  "pt.mySessions → /api/pt-os/sessions/my",
  "pt.payments → /api/pt-os/payments",
  "pt.payouts → /api/pt-os/payouts",
  "pt.revenue → /api/pt-os/revenue",
  "pt.sessions → /api/pt-os/sessions",
  "pt.snapshot → /api/pt-os/clients/",
  "pt.subscriptions → /api/pt-os/clients/",
  "pt.trainerPerformance → /api/pt-os/trainer-performance",
  "pt.trainers → /api/pt-os/trainers",
  "pt.trainingBrief → /api/pt-os/clients/",
  "pt.updateClient → /api/pt-os/clients/",
  "pt.updateCommission → /api/pt-os/commissions/",
  "pt.updatePayout → /api/pt-os/payouts/",
  "pt.updateSession → /api/pt-os/sessions/",
  "pt.uploadPhoto → /api/pt-os/clients/",
  "qr.checkout → /api/qr/checkout",
  "qr.dashboard → /api/qr/dashboard",
  "qr.generate → /api/qr/generate",
  "qr.generateFor → /api/qr/generate/",
  "qr.myHistory → /api/qr/my-history",
  "qr.scan → /api/qr/scan",
  "qr.staffReport → /api/qr/staff-report",
  "reports.dues → /api/reports/dues",
  "reports.duesSummary → /api/reports/dues/summary",
  "reports.monthly → /api/reports/monthly?year=",
  "reports.revenue → /api/reports/revenue",
  "reports.trainerSummary → /api/reports/trainer-summary",
  "search.global → /api/search",
  "settings.createBranch → /api/settings/branches",
  "settings.getAll → /api/settings",
  "settings.getBranches → /api/settings/branches",
  "settings.getFeatureFlags → /api/settings/feature-flags",
  "settings.getPermissions → /api/settings/permissions",
  "settings.update → /api/settings",
  "settings.updateBranch → /api/settings/branches/",
  "settings.updateFeatureFlags → /api/settings/feature-flags",
  "settings.updatePermissions → /api/settings/permissions",
  "subscription.cancelScheduledChange → /api/subscription/cancel-scheduled-change",
  "subscription.changeQuote → /api/subscription/change-quote?plan_code=",
  "subscription.checkout.cancel → /api/subscription/checkout/",
  "subscription.checkout.get → /api/subscription/checkout/",
  "subscription.checkout.history → /api/subscription/checkout",
  "subscription.checkout.open → /api/subscription/checkout",
  "subscription.checkout.settings → /api/subscription/checkout/settings",
  "subscription.checkout.submitUtr → /api/subscription/checkout/",
  "subscription.invoices → /api/subscription/invoices",
  "subscription.payments → /api/subscription/payments",
  "subscription.plans → /api/subscription/plans",
  "subscription.requestActivation → /api/subscription/request-activation",
  "subscription.requestChange → /api/subscription/request-change",
  "subscription.status → /api/subscription/status",
  "subscription.validateCoupon → /api/subscription/validate-coupon?code=",
  "superAdmin.acknowledgeAlert → /api/platform/command-center/alerts/",
  "superAdmin.activateSubscription → /api/platform/organizations/",
  "superAdmin.activeSessions → /api/platform/security/sessions",
  "superAdmin.addUser → /api/platform/organizations/",
  "superAdmin.aiByModel → /api/platform/ai/by-model?days=",
  "superAdmin.aiByStudio → /api/platform/ai/by-studio?days=",
  "superAdmin.aiOverview → /api/platform/ai/overview?days=",
  "superAdmin.aiRouting → /api/platform/ai/routing",
  "superAdmin.aiSettings → /api/platform/ai/settings",
  "superAdmin.aiTrend → /api/platform/ai/trend?days=",
  "superAdmin.analytics → /api/platform/analytics",
  "superAdmin.announcements → /api/platform/announcements",
  "superAdmin.approveRegistration → /api/platform/registrations/",
  "superAdmin.approveSubscriptionRequest → /api/platform/subscription-requests/",
  "superAdmin.audit → /api/platform/audit",
  "superAdmin.auditExportUrl → (no literal url)",
  "superAdmin.auditFilters → /api/platform/audit/filters",
  "superAdmin.billingSettings → /api/platform/billing/settings",
  "superAdmin.bonusDays → /api/platform/organizations/",
  "superAdmin.cancelAnnouncement → /api/platform/announcements/",
  "superAdmin.cancelInvitation → /api/platform/invitations/",
  "superAdmin.cancelSubscription → /api/platform/organizations/",
  "superAdmin.changeExpiry → /api/platform/organizations/",
  "superAdmin.changePlan → /api/platform/organizations/",
  "superAdmin.changeQuote → /api/platform/organizations/",
  "superAdmin.clearOrgAiLimit → /api/platform/organizations/",
  "superAdmin.clearOrgFeature → /api/platform/organizations/",
  "superAdmin.commandCenter → /api/platform/command-center/snapshot",
  "superAdmin.commandCenterAlerts → /api/platform/command-center/alerts",
  "superAdmin.commandCenterCommands → /api/platform/command-center/commands",
  "superAdmin.commandCenterGuardian → /api/platform/command-center/guardian",
  "superAdmin.commandCenterLogHistory → /api/platform/command-center/logs/history",
  "superAdmin.commandCenterLogs → /api/platform/command-center/logs",
  "superAdmin.commandCenterStreamTicket → /api/platform/command-center/stream-ticket",
  "superAdmin.couponRedemptions → /api/platform/coupons/",
  "superAdmin.createAnnouncement → /api/platform/announcements",
  "superAdmin.createCoupon → /api/platform/coupons",
  "superAdmin.createOrg → /api/platform/organizations",
  "superAdmin.deleteAnnouncement → /api/platform/announcements/",
  "superAdmin.deleteCoupon → /api/platform/coupons/",
  "superAdmin.deleteUser → /api/platform/users/",
  "superAdmin.explainGuardianFinding → /api/platform/command-center/guardian/",
  "superAdmin.featureOverrides → /api/platform/features/",
  "superAdmin.features → /api/platform/features",
  "superAdmin.forceLogout → /api/platform/users/",
  "superAdmin.freezeSubscription → /api/platform/organizations/",
  "superAdmin.getOrg → /api/platform/organizations/",
  "superAdmin.getSubscription → /api/platform/organizations/",
  "superAdmin.grantFounder → /api/platform/organizations/",
  "superAdmin.impersonate → /api/platform/organizations/",
  "superAdmin.invitationEvents → /api/platform/invitations/",
  "superAdmin.invitationLink → /api/platform/invitations/",
  "superAdmin.invoicePdfUrl → (no literal url)",
  "superAdmin.invoices → /api/platform/billing/invoices",
  "superAdmin.invoicesExportUrl → (no literal url)",
  "superAdmin.listActivity → /api/platform/activity",
  "superAdmin.listCoupons → /api/platform/coupons",
  "superAdmin.listInvitations → /api/platform/invitations",
  "superAdmin.listOrgs → /api/platform/organizations",
  "superAdmin.listUsers → /api/platform/users",
  "superAdmin.loginEvents → /api/platform/security/login-events",
  "superAdmin.orgBillingProfile → /api/platform/organizations/",
  "superAdmin.orgFeatures → /api/platform/organizations/",
  "superAdmin.orgNotes → /api/platform/organizations/",
  "superAdmin.overview → /api/platform/overview",
  "superAdmin.platformPaymentSettings → /api/platform/platform-payment-settings",
  "superAdmin.previewAnnouncement → /api/platform/announcements/",
  "superAdmin.reactivateSubscription → /api/platform/organizations/",
  "superAdmin.refundPayment → /api/platform/subscription-payments/",
  "superAdmin.registrations → /api/platform/registrations?status=",
  "superAdmin.rejectRegistration → /api/platform/registrations/",
  "superAdmin.rejectSubscriptionRequest → /api/platform/subscription-requests/",
  "superAdmin.replyToTicket → /api/platform/support/tickets/",
  "superAdmin.resendInvitation → /api/platform/invitations/",
  "superAdmin.resetMfa → /api/platform/users/",
  "superAdmin.resetPassword → /api/platform/users/",
  "superAdmin.resolveAlert → /api/platform/command-center/alerts/",
  "superAdmin.runCommandCenterCommand → /api/platform/command-center/commands/",
  "superAdmin.saveAiRate → /api/platform/ai/rates/",
  "superAdmin.saveAiRouting → /api/platform/ai/routing",
  "superAdmin.saveAiSettings → /api/platform/ai/settings",
  "superAdmin.saveBillingSettings → /api/platform/billing/settings",
  "superAdmin.saveOrgBillingProfile → /api/platform/organizations/",
  "superAdmin.saveOrgNotes → /api/platform/organizations/",
  "superAdmin.savePlatformPaymentSettings → /api/platform/platform-payment-settings",
  "superAdmin.scheduleAnnouncement → /api/platform/announcements/",
  "superAdmin.securityOverview → /api/platform/security/overview",
  "superAdmin.securityThreats → /api/platform/security/threats",
  "superAdmin.sendAnnouncement → /api/platform/announcements/",
  "superAdmin.sendPasswordSetup → /api/platform/users/",
  "superAdmin.setFeaturePlans → /api/platform/features/",
  "superAdmin.setOrgAiLimit → /api/platform/organizations/",
  "superAdmin.setOrgFeature → /api/platform/organizations/",
  "superAdmin.setUserActive → /api/platform/users/",
  "superAdmin.storageByStudio → /api/platform/storage/by-studio",
  "superAdmin.storageLargest → /api/platform/storage/largest?limit=",
  "superAdmin.storageOverview → /api/platform/storage/overview?days=",
  "superAdmin.storageTrend → /api/platform/storage/trend?days=",
  "superAdmin.subscriptionMetrics → /api/platform/subscription-metrics",
  "superAdmin.subscriptionRequests → /api/platform/subscription-requests",
  "superAdmin.subscriptions → /api/platform/subscriptions",
  "superAdmin.supportOverview → /api/platform/support/overview",
  "superAdmin.supportTicket → /api/platform/support/tickets/",
  "superAdmin.supportTickets → /api/platform/support/tickets",
  "superAdmin.systemHealth → /api/platform/system-health",
  "superAdmin.updateAnnouncement → /api/platform/announcements/",
  "superAdmin.updateCoupon → /api/platform/coupons/",
  "superAdmin.updateFeature → /api/platform/features/",
  "superAdmin.updateOrg → /api/platform/organizations/",
  "superAdmin.updateTicket → /api/platform/support/tickets/",
  "superAdmin.updateUser → /api/platform/users/",
  "superAdmin.uploadOrgLogo → /api/platform/organizations/",
  "superAdmin.userSummary → /api/platform/users/summary",
  "support.create → /api/support/tickets",
  "support.reply → /api/support/tickets/",
  "support.ticket → /api/support/tickets/",
  "support.tickets → /api/support/tickets",
  "trainers.create → /api/trainers",
  "trainers.createSession → /api/trainers/sessions",
  "trainers.delete → /api/trainers/",
  "trainers.get → /api/trainers/",
  "trainers.list → /api/trainers",
  "trainers.sessions → /api/trainers/",
  "trainers.update → /api/trainers/",
  "upiPayments.approve → /api/payments/upi/",
  "upiPayments.audit → /api/payments/upi/",
  "upiPayments.cancel → /api/payments/upi/",
  "upiPayments.create → /api/payments/upi/create",
  "upiPayments.getSettings → /api/payments/upi/settings",
  "upiPayments.history → /api/payments/upi/history",
  "upiPayments.markOpened → /api/payments/upi/",
  "upiPayments.pending → /api/payments/upi/pending",
  "upiPayments.receiptUrl → (no literal url)",
  "upiPayments.reject → /api/payments/upi/",
  "upiPayments.requestCorrection → /api/payments/upi/",
  "upiPayments.saveSettings → /api/payments/upi/settings",
  "upiPayments.status → /api/payments/upi/",
  "upiPayments.submitUtr → /api/payments/upi/",
  "upiPayments.uploadProof → /api/payments/upi/",
  "webauthn.actionOptions → /api/auth/webauthn/action/options",
  "webauthn.actionVerify → /api/auth/webauthn/action/verify",
  "webauthn.adminAuditLogs → /api/auth/webauthn/admin/audit-logs?limit=",
  "webauthn.adminCredentials → /api/auth/webauthn/admin/credentials",
  "webauthn.adminRevokeCredential → /api/auth/webauthn/admin/credentials/",
  "webauthn.adminStats → /api/auth/webauthn/admin/stats",
  "webauthn.deleteCredential → /api/auth/webauthn/credentials/",
  "webauthn.listCredentials → /api/auth/webauthn/credentials",
  "webauthn.loginOptions → /api/auth/webauthn/login/options",
  "webauthn.loginVerify → /api/auth/webauthn/login/verify",
  "webauthn.registerOptions → /api/auth/webauthn/register/options",
  "webauthn.registerVerify → /api/auth/webauthn/register/verify",
  "webauthn.renameCredential → /api/auth/webauthn/credentials/",
  "webauthn.toggleCredential → /api/auth/webauthn/credentials/",
  "workouts.assign → /api/workouts/assign",
  "workouts.assignments.detail → /api/workouts/assignments/",
  "workouts.assignments.list → /api/workouts/assignments",
  "workouts.plans.create → /api/workouts/plans",
  "workouts.plans.delete → /api/workouts/plans/",
  "workouts.plans.detail → /api/workouts/plans/",
  "workouts.plans.exercises.add → /api/workouts/plans/",
  "workouts.plans.exercises.patch → /api/workouts/plans/",
  "workouts.plans.exercises.remove → /api/workouts/plans/",
  "workouts.plans.exercises.reorder → /api/workouts/plans/",
  "workouts.plans.list → /api/workouts/plans",
  "workouts.plans.update → /api/workouts/plans/",
  "workouts.plans.versions.create → /api/workouts/plans/",
  "workouts.plans.versions.list → /api/workouts/plans/",
  "workouts.updateProgress → /api/workouts/assignments/",
]
`;
